
> yeongtong-top-clinic@1.0.0 build
> node scripts/build.mjs review

Content contract passed: 129 pages, 22 assets (review).
▲ Next.js 16.3.4 (Turbopack)
✓ Running next.config.ts took 57ms
- Experiments (use with caution):
  ✓ globalNotFound

  Creating an optimized production build ...
✓ Compiled successfully in 487ms
  Running TypeScript ...
  Finished TypeScript in 1736ms ...
  Collecting page data using 7 workers ...
  Generating static pages using 7 workers (0/131) ...
  Generating static pages using 7 workers (32/131)
  Generating static pages using 7 workers (65/131)
  Generating static pages using 7 workers (98/131)
✓ Generating static pages using 7 workers (131/131) in 628ms
  Finalizing page optimization ...

Route (app)
┌ ○ /
├ ○ /_not-found
├   /[...segments]
│ ├ ● /about
│ ├ ● /cases
│ ├ ● /checkups
│ └ ● [+119 more paths]
├   /[locale]/checkups/visa
│ ├ ● /en/checkups/visa
│ ├ ● /zh-hans/checkups/visa
│ ├ ● /th/checkups/visa
│ └ ● [+2 more paths]
└ ○ /search-index.json


○  (Static)  prerendered as static content
●  (SSG)     prerendered as static HTML (uses generateStaticParams)

Static audit passed: 129 routes; links, HTML, metadata, schema, indexing, assets. Max JS 183434 B gzip; CSS 10952 B gzip.
Export complete: 129 routes, review, http://localhost:3000/
