
> yeongtong-top-clinic@1.0.0 test:e2e
> playwright test

[WebServer] (node:71274) Warning: The 'NO_COLOR' env is ignored due to the 'FORCE_COLOR' env being set.
[WebServer] (Use `node --trace-warnings ...` to show where the warning was created)

Running 55 tests using 1 worker

(node:71275) Warning: The 'NO_COLOR' env is ignored due to the 'FORCE_COLOR' env being set.
(Use `node --trace-warnings ...` to show where the warning was created)
  ✓   1 tests/e2e/aeo-content.spec.ts:8:5 › research-derived questions, evidence and contextual links are usable without JavaScript (1.2s)
  ✓   2 tests/e2e/aeo-content.spec.ts:30:5 › new comparison and preparation tables fit a small viewport and have readable headers (402ms)
  ✓   3 tests/e2e/cardio-update.spec.ts:7:5 › category aliases, actual counts and an empty symptom category work (1.0s)
  ✓   4 tests/e2e/cardio-update.spec.ts:30:5 › site search includes the introductory definition of a disease (167ms)
  ✓   5 tests/e2e/cardio-update.spec.ts:36:5 › new disease is accessible, uses the disease menu and has one complete footer on mobile (948ms)
  ✓   6 tests/e2e/cardio-update.spec.ts:57:5 › test availability and emergency articles preserve different result times (293ms)
  ✓   7 tests/e2e/cardio-update.spec.ts:74:5 › visa safety and document panels match all five translated page languages (407ms)
  ✓   8 tests/e2e/director-afternoon.spec.ts:11:5 › every medical article has one reuse notice and every page has the global copyright link (464ms)
  ✓   9 tests/e2e/director-afternoon.spec.ts:21:5 › search recovers from a failed static index request and preserves patient privacy (286ms)
  ✓  10 tests/e2e/director-afternoon.spec.ts:42:5 › new symptom guides are discoverable and carry useful safety and reuse information (333ms)
  ✓  11 tests/e2e/director-afternoon.spec.ts:65:5 › home notices precede visit information and retain original announcement channel (263ms)
  ✓  12 tests/e2e/director-afternoon.spec.ts:89:5 › notice archive changes after the program end date without advertising expired availability (170ms)
  ✓  13 tests/e2e/director-afternoon.spec.ts:103:5 › figures work with keyboard, mobile layout and readable text equivalents (6.3s)
  ✓  14 tests/e2e/director-afternoon.spec.ts:162:5 › notice source links, figures and all new guides remain usable without JavaScript (231ms)
  ✓  15 tests/e2e/director-revamp.spec.ts:6:5 › six visa versions have reciprocal links, static language and usable mobile navigation (729ms)
  ✓  16 tests/e2e/director-revamp.spec.ts:40:5 › long new articles, lists and emergency instructions remain accessible (2.7s)
  ✓  17 tests/e2e/director-revamp.spec.ts:67:5 › new preparations are discoverable from the examination and local search (331ms)
  ✓  18 tests/e2e/integrated-update.spec.ts:9:5 › home search stays below emergency guidance and opens local aliases without a query request (397ms)
  ✓  19 tests/e2e/integrated-update.spec.ts:39:5 › care hubs expose eight destinations and organ guides without scripts (383ms)
  ✓  20 tests/e2e/integrated-update.spec.ts:67:5 › vaccination figure, table and unified contents remain readable on mobile and desktop (4.0s)
  ✓  21 tests/e2e/integrated-update.spec.ts:117:5 › case directory preserves originals while enforcing exclusions and privacy (317ms)
  ✓  22 tests/e2e/patient-content.spec.ts:9:5 › retired pages and internal build artifacts are not served (35ms)
  ✓  23 tests/e2e/patient-content.spec.ts:22:5 › case links remain readable without JavaScript and lead to hospital originals (267ms)
  ✓  24 tests/e2e/patient-content.spec.ts:39:5 › patient search and sitemap exclude the retired policy and local article copies (285ms)
  ✓  25 tests/e2e/patient-navigation.spec.ts:7:5 › seven sections and four patient journeys preserve crawlable navigation without scripts (992ms)
  ✓  26 tests/e2e/patient-navigation.spec.ts:47:5 › encyclopedias filter and search real articles, and reset remains usable (466ms)
  ✓  27 tests/e2e/patient-navigation.spec.ts:72:5 › left contents stays reachable and mobile offers contents and preparation without repeated cards (1.2s)
  ✓  28 tests/e2e/patient-navigation.spec.ts:98:5 › contents includes directory and physician sections, and test comparisons use the examination category (692ms)
  ✓  29 tests/e2e/patient-navigation.spec.ts:141:5 › new home and hub layouts are accessible and fit desktop and mobile (5.8s)
  ✓  30 tests/e2e/site.spec.ts:10:5 › all patient routes return HTML with one heading and correct indexing (349ms)
  ✓  31 tests/e2e/site.spec.ts:21:5 › all content routes remain usable without JavaScript (6.9s)
  ✓  32 tests/e2e/site.spec.ts:50:7 › WCAG 2.2 AA automated accessibility: / (634ms)
  ✓  33 tests/e2e/site.spec.ts:50:7 › WCAG 2.2 AA automated accessibility: /visit/ (521ms)
  ✓  34 tests/e2e/site.spec.ts:50:7 › WCAG 2.2 AA automated accessibility: /doctors/park-jongseol/ (488ms)
  ✓  35 tests/e2e/site.spec.ts:50:7 › WCAG 2.2 AA automated accessibility: /doctors/park-rayoung/ (474ms)
  ✓  36 tests/e2e/site.spec.ts:50:7 › WCAG 2.2 AA automated accessibility: /services/heart/echocardiography/ (566ms)
  ✓  37 tests/e2e/site.spec.ts:50:7 › WCAG 2.2 AA automated accessibility: /cases/ (547ms)
  ✓  38 tests/e2e/site.spec.ts:50:7 › WCAG 2.2 AA automated accessibility: /search/ (497ms)
  ✓  39 tests/e2e/site.spec.ts:50:7 › WCAG 2.2 AA automated accessibility: /privacy/ (444ms)
  ✓  40 tests/e2e/site.spec.ts:60:5 › responsive layout, images, and visual review captures (4.0s)
  ✓  41 tests/e2e/site.spec.ts:88:5 › local search, empty state, category and reset (370ms)
  ✓  42 tests/e2e/site.spec.ts:112:5 › mobile navigation works without client scripting (313ms)
  ✓  43 tests/e2e/site.spec.ts:133:5 › keyboard skip link, Q&A and deep refresh (235ms)
  ✓  44 tests/e2e/site.spec.ts:145:5 › unknown deep link returns a real 404 with recovery links (148ms)
  ✓  45 tests/e2e/site.spec.ts:154:5 › urgent symptom context shows emergency guidance without an article booking CTA (168ms)
  ✓  46 tests/e2e/structured-data.spec.ts:6:5 › every FAQ answer and collection URL in JSON-LD is available in patient HTML (1.1s)
  ✓  47 tests/e2e/structured-data.spec.ts:85:5 › SearchAction URL opens the requested search and remains editable (183ms)
  ✓  48 tests/e2e/ui-regressions.spec.ts:8:7 › every menu link remains reachable in short viewports (JavaScript true) (1.3s)
  ✓  49 tests/e2e/ui-regressions.spec.ts:8:7 › every menu link remains reachable in short viewports (JavaScript false) (1.0s)
  ✓  50 tests/e2e/ui-regressions.spec.ts:69:5 › Tab keeps focused content and footer links above the contact bar (1.2s)
  ✓  51 tests/e2e/ui-regressions.spec.ts:103:5 › search ranks direct examination pages first and restores input focus after reset (376ms)
  ✓  52 tests/e2e/ui-regressions.spec.ts:131:5 › printing includes closed answers and restores the original disclosure states (403ms)
  ✓  53 tests/e2e/ui-regressions.spec.ts:165:5 › tablet contact action and current section are available at breakpoint edges (682ms)
  ✓  54 tests/e2e/ui-regressions.spec.ts:183:5 › short desktop sidebar links can be brought into view (215ms)
  ✓  55 tests/e2e/ui-regressions.spec.ts:201:5 › notices lead patients to the original hospital announcement channel (165ms)

  55 passed (55.6s)
