Validate (root)	Run npm audit --audit-level=moderate	﻿2026-10-01T06:08:11.0842499Z ##[group]Run npm audit --audit-level=moderate
Validate (root)	Run npm audit --audit-level=moderate	2026-10-01T06:08:11.0842919Z ^[[36;1mnpm audit --audit-level=moderate^[[0m
Validate (root)	Run npm audit --audit-level=moderate	2026-10-01T06:08:11.0920742Z shell: /usr/bin/bash -e {0}
Validate (root)	Run npm audit --audit-level=moderate	2026-10-01T06:08:11.0921051Z env:
Validate (root)	Run npm audit --audit-level=moderate	2026-10-01T06:08:11.0921274Z   CI: true
Validate (root)	Run npm audit --audit-level=moderate	2026-10-01T06:08:11.0921514Z   NEXT_TELEMETRY_DISABLED: 1
Validate (root)	Run npm audit --audit-level=moderate	2026-10-01T06:08:11.0921866Z   SITE_ORIGIN: https://codepump-net.github.io
Validate (root)	Run npm audit --audit-level=moderate	2026-10-01T06:08:11.0922210Z   SITE_BASE_PATH:
Validate (root)	Run npm audit --audit-level=moderate	2026-10-01T06:08:11.0922423Z   BUILD_MODE: review
Validate (root)	Run npm audit --audit-level=moderate	2026-10-01T06:08:11.0922709Z   pythonLocation: /opt/hostedtoolcache/Python/3.11.16/x64
Validate (root)	Run npm audit --audit-level=moderate	2026-10-01T06:08:11.0923167Z   PKG_CONFIG_PATH: /opt/hostedtoolcache/Python/3.11.16/x64/lib/pkgconfig
Validate (root)	Run npm audit --audit-level=moderate	2026-10-01T06:08:11.0923796Z   Python_ROOT_DIR: /opt/hostedtoolcache/Python/3.11.16/x64
Validate (root)	Run npm audit --audit-level=moderate	2026-10-01T06:08:11.0924187Z   Python2_ROOT_DIR: /opt/hostedtoolcache/Python/3.11.16/x64
Validate (root)	Run npm audit --audit-level=moderate	2026-10-01T06:08:11.0924577Z   Python3_ROOT_DIR: /opt/hostedtoolcache/Python/3.11.16/x64
Validate (root)	Run npm audit --audit-level=moderate	2026-10-01T06:08:11.0924974Z   LD_LIBRARY_PATH: /opt/hostedtoolcache/Python/3.11.16/x64/lib
Validate (root)	Run npm audit --audit-level=moderate	2026-10-01T06:08:11.0925346Z ##[endgroup]
Validate (root)	Run npm audit --audit-level=moderate	2026-10-01T06:08:12.0104046Z # npm audit report
Validate (root)	Run npm audit --audit-level=moderate	2026-10-01T06:08:12.0104452Z
Validate (root)	Run npm audit --audit-level=moderate	2026-10-01T06:08:12.0104836Z brace-expansion  <=1.1.20 || 4.0.0 - 5.0.11
Validate (root)	Run npm audit --audit-level=moderate	2026-10-01T06:08:12.0105423Z Severity: high
Validate (root)	Run npm audit --audit-level=moderate	2026-10-01T06:08:12.0106868Z brace-expansion: Quadratic-time expansion of the `{a},b}` rewrite causes CPU denial of service - https://github.com/advisories/GHSA-q2hr-2g5m-vwhr
Validate (root)	Run npm audit --audit-level=moderate	2026-10-01T06:08:12.0109101Z brace-expansion: Quadratic-time expansion of the `{a},b}` rewrite causes CPU denial of service - https://github.com/advisories/GHSA-q2hr-2g5m-vwhr
Validate (root)	Run npm audit --audit-level=moderate	2026-10-01T06:08:12.0111685Z brace-expansion: DoS via uncontrolled recursion on nested brace groups causing stack exhaustion - https://github.com/advisories/GHSA-qhr7-859c-m2p7
Validate (root)	Run npm audit --audit-level=moderate	2026-10-01T06:08:12.0114183Z brace-expansion: DoS via uncontrolled recursion on nested brace groups causing stack exhaustion - https://github.com/advisories/GHSA-qhr7-859c-m2p7
Validate (root)	Run npm audit --audit-level=moderate	2026-10-01T06:08:12.0116561Z brace-expansion: DoS via uncontrolled recursion in parseCommaParts causing stack exhaustion - https://github.com/advisories/GHSA-6j4f-fj2g-mc7p
Validate (root)	Run npm audit --audit-level=moderate	2026-10-01T06:08:12.0118836Z brace-expansion: DoS via uncontrolled recursion in parseCommaParts causing stack exhaustion - https://github.com/advisories/GHSA-6j4f-fj2g-mc7p
Validate (root)	Run npm audit --audit-level=moderate	2026-10-01T06:08:12.0120374Z fix available via `npm audit fix`
Validate (root)	Run npm audit --audit-level=moderate	2026-10-01T06:08:12.0121132Z node_modules/@eslint/config-array/node_modules/brace-expansion
Validate (root)	Run npm audit --audit-level=moderate	2026-10-01T06:08:12.0121950Z node_modules/@eslint/eslintrc/node_modules/brace-expansion
Validate (root)	Run npm audit --audit-level=moderate	2026-10-01T06:08:12.0122500Z node_modules/brace-expansion
Validate (root)	Run npm audit --audit-level=moderate	2026-10-01T06:08:12.0123077Z node_modules/eslint-config-next/node_modules/brace-expansion
Validate (root)	Run npm audit --audit-level=moderate	2026-10-01T06:08:12.0123848Z node_modules/eslint/node_modules/brace-expansion
Validate (root)	Run npm audit --audit-level=moderate	2026-10-01T06:08:12.0124200Z
Validate (root)	Run npm audit --audit-level=moderate	2026-10-01T06:08:12.0124375Z next  16.2.0 - 16.3.5
Validate (root)	Run npm audit --audit-level=moderate	2026-10-01T06:08:12.0124727Z Severity: critical
Validate (root)	Run npm audit --audit-level=moderate	2026-10-01T06:08:12.0125658Z Next.js: Remote Code Execution in next/og ImageResponse - https://github.com/advisories/GHSA-vcvr-r3jv-pc5j
Validate (root)	Run npm audit --audit-level=moderate	2026-10-01T06:08:12.0126563Z fix available via `npm audit fix --force`
Validate (root)	Run npm audit --audit-level=moderate	2026-10-01T06:08:12.0127067Z Will install next@16.3.8, which is outside the stated dependency range
Validate (root)	Run npm audit --audit-level=moderate	2026-10-01T06:08:12.0127476Z node_modules/next
Validate (root)	Run npm audit --audit-level=moderate	2026-10-01T06:08:12.0127613Z
Validate (root)	Run npm audit --audit-level=moderate	2026-10-01T06:08:12.0127775Z 2 vulnerabilities (1 high, 1 critical)
Validate (root)	Run npm audit --audit-level=moderate	2026-10-01T06:08:12.0127971Z
Validate (root)	Run npm audit --audit-level=moderate	2026-10-01T06:08:12.0128180Z To address issues that do not require attention, run:
Validate (root)	Run npm audit --audit-level=moderate	2026-10-01T06:08:12.0128507Z   npm audit fix
Validate (root)	Run npm audit --audit-level=moderate	2026-10-01T06:08:12.0128636Z
Validate (root)	Run npm audit --audit-level=moderate	2026-10-01T06:08:12.0128757Z To address all issues, run:
Validate (root)	Run npm audit --audit-level=moderate	2026-10-01T06:08:12.0129020Z   npm audit fix --force
Validate (root)	Run npm audit --audit-level=moderate	2026-10-01T06:08:12.0307788Z ##[error]Process completed with exit code 1.
Validate (project)	Run npm audit --audit-level=moderate	﻿2026-10-01T06:08:10.1279497Z ##[group]Run npm audit --audit-level=moderate
Validate (project)	Run npm audit --audit-level=moderate	2026-10-01T06:08:10.1279947Z ^[[36;1mnpm audit --audit-level=moderate^[[0m
Validate (project)	Run npm audit --audit-level=moderate	2026-10-01T06:08:10.1342753Z shell: /usr/bin/bash -e {0}
Validate (project)	Run npm audit --audit-level=moderate	2026-10-01T06:08:10.1343024Z env:
Validate (project)	Run npm audit --audit-level=moderate	2026-10-01T06:08:10.1343222Z   CI: true
Validate (project)	Run npm audit --audit-level=moderate	2026-10-01T06:08:10.1343444Z   NEXT_TELEMETRY_DISABLED: 1
Validate (project)	Run npm audit --audit-level=moderate	2026-10-01T06:08:10.1343754Z   SITE_ORIGIN: https://codepump-net.github.io
Validate (project)	Run npm audit --audit-level=moderate	2026-10-01T06:08:10.1344096Z   SITE_BASE_PATH: /yt-top-webforai
Validate (project)	Run npm audit --audit-level=moderate	2026-10-01T06:08:10.1344367Z   BUILD_MODE: review
Validate (project)	Run npm audit --audit-level=moderate	2026-10-01T06:08:10.1344668Z   pythonLocation: /opt/hostedtoolcache/Python/3.11.16/x64
Validate (project)	Run npm audit --audit-level=moderate	2026-10-01T06:08:10.1345292Z   PKG_CONFIG_PATH: /opt/hostedtoolcache/Python/3.11.16/x64/lib/pkgconfig
Validate (project)	Run npm audit --audit-level=moderate	2026-10-01T06:08:10.1345731Z   Python_ROOT_DIR: /opt/hostedtoolcache/Python/3.11.16/x64
Validate (project)	Run npm audit --audit-level=moderate	2026-10-01T06:08:10.1346118Z   Python2_ROOT_DIR: /opt/hostedtoolcache/Python/3.11.16/x64
Validate (project)	Run npm audit --audit-level=moderate	2026-10-01T06:08:10.1346516Z   Python3_ROOT_DIR: /opt/hostedtoolcache/Python/3.11.16/x64
Validate (project)	Run npm audit --audit-level=moderate	2026-10-01T06:08:10.1346903Z   LD_LIBRARY_PATH: /opt/hostedtoolcache/Python/3.11.16/x64/lib
Validate (project)	Run npm audit --audit-level=moderate	2026-10-01T06:08:10.1347273Z ##[endgroup]
Validate (project)	Run npm audit --audit-level=moderate	2026-10-01T06:08:11.0597484Z # npm audit report
Validate (project)	Run npm audit --audit-level=moderate	2026-10-01T06:08:11.0597856Z
Validate (project)	Run npm audit --audit-level=moderate	2026-10-01T06:08:11.0598195Z brace-expansion  <=1.1.20 || 4.0.0 - 5.0.11
Validate (project)	Run npm audit --audit-level=moderate	2026-10-01T06:08:11.0598728Z Severity: high
Validate (project)	Run npm audit --audit-level=moderate	2026-10-01T06:08:11.0599557Z brace-expansion: Quadratic-time expansion of the `{a},b}` rewrite causes CPU denial of service - https://github.com/advisories/GHSA-q2hr-2g5m-vwhr
Validate (project)	Run npm audit --audit-level=moderate	2026-10-01T06:08:11.0600765Z brace-expansion: Quadratic-time expansion of the `{a},b}` rewrite causes CPU denial of service - https://github.com/advisories/GHSA-q2hr-2g5m-vwhr
Validate (project)	Run npm audit --audit-level=moderate	2026-10-01T06:08:11.0602469Z brace-expansion: DoS via uncontrolled recursion on nested brace groups causing stack exhaustion - https://github.com/advisories/GHSA-qhr7-859c-m2p7
Validate (project)	Run npm audit --audit-level=moderate	2026-10-01T06:08:11.0603747Z brace-expansion: DoS via uncontrolled recursion on nested brace groups causing stack exhaustion - https://github.com/advisories/GHSA-qhr7-859c-m2p7
Validate (project)	Run npm audit --audit-level=moderate	2026-10-01T06:08:11.0605513Z brace-expansion: DoS via uncontrolled recursion in parseCommaParts causing stack exhaustion - https://github.com/advisories/GHSA-6j4f-fj2g-mc7p
Validate (project)	Run npm audit --audit-level=moderate	2026-10-01T06:08:11.0607249Z brace-expansion: DoS via uncontrolled recursion in parseCommaParts causing stack exhaustion - https://github.com/advisories/GHSA-6j4f-fj2g-mc7p
Validate (project)	Run npm audit --audit-level=moderate	2026-10-01T06:08:11.0608005Z fix available via `npm audit fix`
Validate (project)	Run npm audit --audit-level=moderate	2026-10-01T06:08:11.0608449Z node_modules/@eslint/config-array/node_modules/brace-expansion
Validate (project)	Run npm audit --audit-level=moderate	2026-10-01T06:08:11.0608962Z node_modules/@eslint/eslintrc/node_modules/brace-expansion
Validate (project)	Run npm audit --audit-level=moderate	2026-10-01T06:08:11.0609342Z node_modules/brace-expansion
Validate (project)	Run npm audit --audit-level=moderate	2026-10-01T06:08:11.0609758Z node_modules/eslint-config-next/node_modules/brace-expansion
Validate (project)	Run npm audit --audit-level=moderate	2026-10-01T06:08:11.0610291Z node_modules/eslint/node_modules/brace-expansion
Validate (project)	Run npm audit --audit-level=moderate	2026-10-01T06:08:11.0610516Z
Validate (project)	Run npm audit --audit-level=moderate	2026-10-01T06:08:11.0610635Z next  16.2.0 - 16.3.5
Validate (project)	Run npm audit --audit-level=moderate	2026-10-01T06:08:11.0610884Z Severity: critical
Validate (project)	Run npm audit --audit-level=moderate	2026-10-01T06:08:11.0611644Z Next.js: Remote Code Execution in next/og ImageResponse - https://github.com/advisories/GHSA-vcvr-r3jv-pc5j
Validate (project)	Run npm audit --audit-level=moderate	2026-10-01T06:08:11.0612256Z fix available via `npm audit fix --force`
Validate (project)	Run npm audit --audit-level=moderate	2026-10-01T06:08:11.0612724Z Will install next@16.3.8, which is outside the stated dependency range
Validate (project)	Run npm audit --audit-level=moderate	2026-10-01T06:08:11.0613115Z node_modules/next
Validate (project)	Run npm audit --audit-level=moderate	2026-10-01T06:08:11.0613245Z
Validate (project)	Run npm audit --audit-level=moderate	2026-10-01T06:08:11.0613420Z 2 vulnerabilities (1 high, 1 critical)
Validate (project)	Run npm audit --audit-level=moderate	2026-10-01T06:08:11.0613619Z
Validate (project)	Run npm audit --audit-level=moderate	2026-10-01T06:08:11.0613821Z To address issues that do not require attention, run:
Validate (project)	Run npm audit --audit-level=moderate	2026-10-01T06:08:11.0614158Z   npm audit fix
Validate (project)	Run npm audit --audit-level=moderate	2026-10-01T06:08:11.0614283Z
Validate (project)	Run npm audit --audit-level=moderate	2026-10-01T06:08:11.0614408Z To address all issues, run:
Validate (project)	Run npm audit --audit-level=moderate	2026-10-01T06:08:11.0614670Z   npm audit fix --force
Validate (project)	Run npm audit --audit-level=moderate	2026-10-01T06:08:11.0790324Z ##[error]Process completed with exit code 1.
