add zod-validation-error 4.0.2
add zod 4.6.2
add yocto-queue 0.1.0
add yargs-parser 21.1.1
add yargs 17.7.3
add yallist 3.1.1
add y18n 5.0.8
add xdg-basedir 5.1.0
add ws 7.5.13
add wrap-ansi 7.0.0
add word-wrap 1.2.5
add why-is-node-running 2.3.0
add which-typed-array 1.1.22
add which-collection 1.0.2
add which-builtin-type 1.2.1
add which-boxed-primitive 1.1.1
add which 2.0.2
add when-exit 2.1.5
add whatwg-mimetype 4.0.0
add whatwg-encoding 3.1.1
add webdriver-bidi-protocol 0.4.3
add web-features 3.38.0
add vitest 5.0.0
add picomatch 4.0.7
add magic-string 1.3.1
add es-module-lexer 2.3.2
add vite 8.3.0
add picomatch 4.0.7
add lightningcss-linux-x64-musl 1.33.0
add lightningcss-linux-x64-gnu 1.33.0
add lightningcss 1.33.0
add uri-js 4.4.1
add update-browserslist-db 1.3.3
add unrs-resolver 1.12.2
add undici-types 7.18.2
add undici 7.29.1
add unbox-primitive 1.1.0
add typescript-eslint 8.70.0
add typescript 5.9.3
add typed-query-selector 2.12.2
add typed-array-length 1.0.8
add typed-array-byte-offset 1.0.4
add typed-array-byte-length 1.0.3
add typed-array-buffer 1.0.3
add type-fest 4.41.0
add type-check 0.4.0
add tslib 2.8.1
add tsconfig-paths 3.15.0
add json5 1.0.2
add ts-api-utils 2.5.0
add to-regex-range 5.0.1
add tldts-icann 7.4.12
add tldts-core 7.4.12
add tinyglobby 0.2.17
add picomatch 4.0.7
add fdir 6.5.0
add tinyexec 1.3.0
add tinybench 6.1.4
add third-party-web 0.29.2
add tapable 2.3.3
add tailwindcss 4.3.3
add supports-preserve-symlinks-flag 1.0.0
add supports-color 7.2.0
add styled-jsx 5.1.6
add stubborn-utils 1.0.2
add stubborn-fs 2.0.0
add strip-json-comments 3.1.1
add strip-bom 3.0.0
add strip-ansi 6.0.1
add string.prototype.trimstart 1.0.8
add string.prototype.trimend 1.0.10
add string.prototype.trim 1.2.11
add string.prototype.repeat 1.0.0
add string.prototype.matchall 4.1.0
add string.prototype.includes 2.0.1
add string-width 4.2.3
add emoji-regex 8.0.0
add stop-iteration-iterator 1.1.0
add std-env 4.2.0
add stackback 0.0.2
add stable-hash 0.0.5
add speedline-core 1.4.3
add source-map-js 1.2.1
add siginfo 2.0.0
add side-channel-weakmap 1.0.2
add side-channel-map 1.0.1
add side-channel-list 1.0.1
add side-channel 1.1.1
add shebang-regex 3.0.0
add shebang-command 2.0.0
add sharp 0.35.4
add semver 7.8.5
add set-proto 1.0.0
add set-function-name 2.0.2
add set-function-length 1.2.2
add semver 6.3.1
add scheduler 0.28.0
add safer-buffer 2.1.2
add safe-regex-test 1.1.0
add safe-push-apply 1.0.0
add safe-array-concat 1.1.4
add run-parallel 1.2.0
add rolldown 1.2.8
add robots-parser 3.0.1
add reusify 1.1.0
add resolve-pkg-maps 1.0.0
add resolve-from 4.0.0
add resolve 2.0.0-next.7
add require-in-the-middle 8.0.1
add require-directory 2.1.1
add regexp.prototype.flags 1.5.4
add reflect.getprototypeof 1.0.10
add react-is 16.13.1
add react-dom 19.3.0
add react 19.3.0
add queue-microtask 1.2.3
add puppeteer-core 25.10.0
add ws 8.21.3
add devtools-protocol 0.0.1666840
add punycode 2.3.1
add prop-types 15.8.1
add prettier 3.9.6
add prelude-ls 1.2.1
add postcss 8.5.28
add possible-typed-array-names 1.1.0
add playwright-core 1.63.0
add playwright 1.63.0
add picomatch 2.3.2
add picocolors 1.1.1
add path-parse 1.0.7
add path-key 3.1.1
add path-exists 4.0.0
add parse5-parser-stream 7.1.2
add parse5-htmlparser2-tree-adapter 7.1.0
add parse5 7.3.0
add entities 6.0.1
add parent-module 1.0.1
add p-locate 5.0.0
add p-limit 3.1.0
add own-keys 1.0.2
add optionator 0.9.4
add open 8.4.2
add obug 2.2.1
add object.values 1.2.1
add object.groupby 1.0.3
add object.fromentries 2.0.8
add object.entries 1.1.9
add object.assign 4.1.7
add object-keys 1.1.1
add object-inspect 1.13.4
add object-assign 4.1.1
add nth-check 2.1.1
add node-releases 2.0.55
add node-exports-info 1.6.2
add next 16.3.8
add postcss 8.5.23
add natural-compare 1.4.0
add napi-postinstall 0.3.4
add nanoid 3.3.19
add ms 2.1.3
add module-details-from-path 1.0.4
add modern-tar 0.8.5
add mitt 3.0.1
add minimist 1.2.8
add minimatch 10.2.6
add micromatch 4.0.8
add merge2 1.4.1
add math-intrinsics 1.1.0
add marky 1.3.0
add magic-string 0.30.21
add lucide-react 0.468.0
add lru-cache 5.1.1
add loose-envify 1.4.0
add lookup-closest-locale 6.2.0
add lodash.merge 4.6.2
add lodash-es 4.18.1
add locate-path 6.0.0
add lightningcss-linux-x64-musl 1.32.0
add lightningcss-linux-x64-gnu 1.32.0
add lightningcss 1.32.0
add lighthouse-stack-packs 1.12.3
add lighthouse-logger 2.0.2
add lighthouse 13.4.1
add levn 0.4.1
add legacy-javascript 0.0.1
add language-tags 1.0.9
add language-subtag-registry 0.3.23
add keyv 4.5.4
add jsx-ast-utils 3.3.5
add json5 2.2.3
add json-stable-stringify-without-jsonify 1.0.1
add json-schema-traverse 0.4.1
add json-buffer 3.0.1
add jsesc 3.1.0
add js-yaml 4.3.2
add js-tokens 4.0.0
add js-library-detector 6.7.0
add jpeg-js 0.4.4
add jiti 2.7.0
add iterator.prototype 1.1.5
add isexe 2.0.0
add isarray 2.0.5
add is-wsl 2.2.0
add is-weakset 2.0.4
add is-weakref 1.1.1
add is-weakmap 2.0.2
add is-typed-array 1.1.15
add is-symbol 1.1.1
add is-string 1.1.1
add is-shared-array-buffer 1.0.4
add is-set 2.0.3
add is-regex 1.2.1
add is-number-object 1.1.1
add is-number 7.0.0
add is-negative-zero 2.0.3
add is-map 2.0.3
add is-glob 4.0.3
add is-generator-function 1.1.2
add is-fullwidth-code-point 3.0.0
add is-finalizationregistry 1.1.1
add is-extglob 2.1.1
add is-document.all 1.0.0
add is-docker 2.2.1
add is-date-object 1.1.0
add is-data-view 1.0.2
add is-core-module 2.16.2
add is-callable 1.2.7
add is-bun-module 2.0.0
add semver 7.8.5
add is-boolean-object 1.2.2
add is-bigint 1.1.0
add is-async-function 2.1.1
add is-array-buffer 3.0.5
add intl-messageformat 10.7.18
add internal-slot 1.1.0
add imurmurhash 0.1.4
add import-in-the-middle 3.5.0
add import-fresh 3.3.1
add image-ssim 0.2.0
add ignore 5.3.2
add iconv-lite 0.6.3
add http-link-header 1.1.4
add htmlparser2 10.1.0
add entities 7.0.1
add hermes-parser 0.25.1
add hermes-estree 0.25.1
add hasown 2.0.4
add has-tostringtag 1.0.2
add has-symbols 1.1.0
add has-proto 1.2.0
add has-property-descriptors 1.0.2
add has-flag 4.0.0
add has-bigints 1.1.0
add graceful-fs 4.2.11
add gopd 1.2.0
add globalthis 1.0.4
add globals 14.0.0
add glob-parent 6.0.2
add get-tsconfig 4.14.3
add get-symbol-description 1.1.0
add get-proto 1.0.1
add get-intrinsic 1.3.0
add get-east-asian-width 1.6.0
add get-caller-file 2.0.5
add gensync 1.0.0-beta.2
add generator-function 2.0.1
add functions-have-names 1.2.3
add function.prototype.name 1.2.0
add function-bind 1.1.2
add for-each 0.3.5
add flatted 3.4.4
add flat-cache 4.0.1
add find-up 5.0.0
add fill-range 7.1.1
add file-entry-cache 8.0.0
add fastq 1.20.3
add fast-levenshtein 2.0.6
add fast-json-stable-stringify 2.1.0
add fast-glob 3.3.1
add glob-parent 5.1.2
add fast-deep-equal 3.1.3
add expect-type 1.4.0
add esutils 2.0.3
add estree-walker 3.0.3
add estraverse 5.3.0
add esrecurse 4.3.0
add esquery 1.7.0
add espree 10.4.0
add eslint-visitor-keys 4.2.1
add eslint-visitor-keys 5.0.1
add eslint-scope 8.4.0
add eslint-plugin-react-hooks 7.1.1
add eslint-module-utils 2.14.0
add debug 3.2.7
add eslint-import-resolver-node 0.3.10
add debug 3.2.7
add eslint-config-next 16.3.8
add minimatch 3.1.5
add globals 16.4.0
add eslint-plugin-react 7.37.5
add eslint-plugin-jsx-a11y 6.10.2
add eslint-plugin-import 2.32.0
add debug 3.2.7
add eslint-import-resolver-typescript 3.10.1
add brace-expansion 1.1.21
add balanced-match 1.0.2
add eslint 9.39.5
add minimatch 3.1.5
add eslint-visitor-keys 4.2.1
add brace-expansion 1.1.21
add balanced-match 1.0.2
add escape-string-regexp 4.0.0
add escalade 3.2.0
add es-to-primitive 1.3.4
add es-shim-unscopables 1.1.0
add es-set-tostringtag 2.1.0
add es-object-atoms 1.1.2
add es-module-lexer 3.0.2
add es-iterator-helpers 1.4.0
add es-errors 1.3.0
add es-define-property 1.0.1
add es-abstract-get 1.0.0
add es-abstract 1.24.2
add entities 4.5.0
add enquirer 2.4.1
add enhanced-resolve 5.24.5
add encoding-sniffer 0.2.1
add emoji-regex 9.2.2
add electron-to-chromium 1.5.427
add dunder-proto 1.0.1
add dot-prop 9.0.0
add domutils 3.2.2
add domhandler 5.0.3
add domelementtype 2.3.0
add dom-serializer 2.0.0
add doctrine 2.1.0
add devtools-protocol 0.0.1663043
add detect-libc 2.1.2
add define-properties 1.2.1
add define-lazy-prop 2.0.0
add define-data-property 1.1.4
add deep-is 0.1.4
add decimal.js 10.6.0
add debug 4.4.3
add data-view-byte-offset 1.0.1
add data-view-byte-length 1.0.2
add data-view-buffer 1.0.2
add damerau-levenshtein 1.0.8
add csstype 3.2.3
add css-what 6.2.2
add css-select 5.2.2
add csp_evaluator 1.1.8
add cross-spawn 7.0.6
add convert-source-map 2.0.0
add configstore 7.1.0
add concat-map 0.0.1
add color-name 1.1.4
add color-convert 2.0.1
add cliui 8.0.1
add client-only 0.0.1
add cjs-module-lexer 2.2.1
add chromium-bidi 17.0.2
add zod 3.25.76
add chrome-launcher 1.2.1
add cheerio-select 2.1.0
add cheerio 1.2.0
add chalk 4.1.2
add chai 6.2.2
add caniuse-lite 1.0.30001810
add callsites 3.1.0
add call-bound 1.0.4
add call-bind-apply-helpers 1.0.2
add call-bind 1.0.9
add browserslist 4.28.9
add braces 3.0.3
add brace-expansion 5.0.12
add boolbase 1.0.0
add baseline-browser-mapping 2.11.22
add balanced-match 4.0.4
add axobject-query 4.1.0
add axe-core 4.13.0
add available-typed-arrays 1.0.7
add atomically 2.1.1
add async-function 1.0.0
add ast-types-flow 0.0.8
add assertion-error 2.0.1
add arraybuffer.prototype.slice 1.0.4
add array.prototype.tosorted 1.1.4
add array.prototype.flatmap 1.3.3
add array.prototype.flat 1.3.3
add array.prototype.findlastindex 1.2.6
add array.prototype.findlast 1.2.5
add array-includes 3.2.0
add array-buffer-byte-length 1.0.2
add aria-query 5.3.2
add argparse 2.0.1
add ansi-styles 4.3.0
add ansi-regex 5.0.1
add ansi-colors 4.1.3
add ajv 6.15.0
add acorn-jsx 5.3.2
add acorn 8.18.0
add @vitest/spy 5.0.0
add @vitest/mocker 5.0.0
add magic-string 1.3.1
add @unrs/resolver-binding-linux-x64-musl 1.12.2
add @unrs/resolver-binding-linux-x64-gnu 1.12.2
add @typescript-eslint/visitor-keys 8.70.0
add @typescript-eslint/utils 8.70.0
add @typescript-eslint/typescript-estree 8.70.0
add semver 7.8.5
add @typescript-eslint/types 8.70.0
add @typescript-eslint/type-utils 8.70.0
add @typescript-eslint/tsconfig-utils 8.70.0
add @typescript-eslint/scope-manager 8.70.0
add @typescript-eslint/project-service 8.70.0
add @typescript-eslint/parser 8.70.0
add @typescript-eslint/eslint-plugin 8.70.0
add ignore 7.0.9
add @types/react-dom 19.3.0
add @types/react 19.3.0
add @types/node 24.13.4
add @types/json5 0.0.29
add @types/json-schema 7.0.15
add @types/estree 1.0.9
add @types/deep-eql 4.0.2
add @types/chai 5.2.3
add @tailwindcss/postcss 4.3.3
add @tailwindcss/oxide-linux-x64-musl 4.3.3
add @tailwindcss/oxide-linux-x64-gnu 4.3.3
add @tailwindcss/oxide 4.3.3
add @tailwindcss/node 4.3.3
add @swc/helpers 0.5.23
add @sentry/server-utils 10.74.0
add @sentry/opentelemetry 10.74.0
add @sentry/node-core 10.74.0
add @sentry/node 10.74.0
add @sentry/core 10.74.0
add @sentry/conventions 0.16.0
add @rtsao/scc 1.1.0
add @rolldown/pluginutils 1.0.1
add @rolldown/binding-linux-x64-musl 1.2.8
add @rolldown/binding-linux-x64-gnu 1.2.8
add @puppeteer/browsers 3.2.2
add yargs-parser 22.0.0
add yargs 18.1.0
add wrap-ansi 9.0.2
add string-width 7.2.0
add strip-ansi 7.2.0
add string-width 8.2.2
add emoji-regex 10.6.0
add cliui 9.0.1
add string-width 7.2.0
add ansi-styles 6.2.3
add ansi-regex 6.3.0
add @playwright/test 1.63.0
add @paulirish/trace_engine 0.0.65
add @oxc-project/types 0.149.0
add @opentelemetry/semantic-conventions 1.43.0
add @opentelemetry/sdk-trace-base 2.11.0
add @opentelemetry/sdk-trace 2.11.0
add @opentelemetry/resources 2.11.0
add @opentelemetry/instrumentation 0.220.0
add @opentelemetry/core 2.11.0
add @opentelemetry/api-logs 0.220.0
add @opentelemetry/api 1.9.1
add @nolyfill/is-core-module 1.0.39
add @nodelib/fs.walk 1.2.8
add @nodelib/fs.stat 2.0.5
add @nodelib/fs.scandir 2.1.5
add @next/swc-linux-x64-musl 16.3.8
add @next/swc-linux-x64-gnu 16.3.8
add @next/eslint-plugin-next 16.3.8
add eslint-visitor-keys 3.4.3
add @eslint-community/eslint-utils 4.9.1
add @next/env 16.3.8
add @jridgewell/trace-mapping 0.3.31
add @jridgewell/sourcemap-codec 1.6.0
add @jridgewell/resolve-uri 3.1.2
add @jridgewell/remapping 2.3.5
add @jridgewell/gen-mapping 0.3.13
add @img/sharp-linuxmusl-x64 0.35.4
add @img/sharp-linux-x64 0.35.4
add @img/sharp-libvips-linuxmusl-x64 1.3.3
add @img/sharp-libvips-linux-x64 1.3.3
add @img/colour 1.1.0
add @humanwhocodes/retry 0.4.3
add @humanwhocodes/module-importer 1.0.1
add @humanfs/types 0.15.0
add @humanfs/node 0.16.8
add @humanfs/core 0.19.2
add @formatjs/intl-localematcher 0.6.2
add @formatjs/icu-skeleton-parser 1.8.16
add @formatjs/icu-messageformat-parser 2.11.4
add @formatjs/fast-memoize 2.2.7
add @formatjs/ecma402-abstract 2.3.6
add @eslint/plugin-kit 0.4.1
add @eslint/object-schema 2.1.7
add @eslint/js 9.39.5
add @eslint/eslintrc 3.3.7
add minimatch 3.1.5
add brace-expansion 1.1.21
add balanced-match 1.0.2
add @eslint/core 0.17.0
add @eslint/config-helpers 0.4.2
add @eslint/config-array 0.21.2
add minimatch 3.1.5
add brace-expansion 1.1.21
add balanced-match 1.0.2
add @eslint-community/regexpp 4.12.2
add @eslint-community/eslint-utils 4.10.1
add eslint-visitor-keys 3.4.3
add @babel/types 7.29.8
add @babel/traverse 7.29.8
add @babel/template 7.29.7
add @babel/parser 7.29.8
add @babel/helpers 7.29.7
add @babel/helper-validator-option 7.29.7
add @babel/helper-validator-identifier 7.29.7
add @babel/helper-string-parser 7.29.7
add @babel/helper-module-transforms 7.29.7
add @babel/helper-module-imports 7.29.7
add @babel/helper-globals 7.29.7
add @babel/helper-compilation-targets 7.29.7
add @babel/generator 7.29.8
add @babel/core 7.29.7
add @babel/compat-data 7.29.7
add @babel/code-frame 7.29.7
add @axe-core/playwright 4.13.0
add @alloc/quick-lru 5.3.0

added 530 packages in 350ms

192 packages are looking for funding
  run `npm fund` for details
